root@nginx:/# history |egrep 'sed|echo'
    2  sed -i 's/the nginx web server/our test is/g' /usr/share/nginx/html/index.html
    4  sed -i 's/installed/completed/g' /usr/share/nginx/html/index.html
    6  sed -i 's/Welcome to nginx/Get a Shell to a Running Container/g' /usr/share/nginx/html/index.html
   23  echo "Testing file edit with echo" > /usr/share/nginx/html/index.html
   24  echo -e '<html>\n<html>\n\t<body>\n\t\t<h1>Testing file edit with echo"</h1>\n\t</body>\n</html>' > /usr/share/nginx/html/index.html
   25  history |egrep 'sed|echo'
root@nginx:/# 


echo -e '<html>\n<html>\n\t<body>\n\t\t<h1>Hello World! Running from masternode </h1>\n\t</body>\n</html>' > /usr/share/nginx/html/index.html


sed -i 's/Hello World! /Hello World! Running from masternode /g' /usr/share/nginx/html/index.html


```markdown
rajith@k8s-master:~$ kubectl run nginx --image=nginx --port=80 
pod/nginx created
rajith@k8s-master:~$ kubectl get pods 
NAME    READY   STATUS    RESTARTS   AGE
nginx   1/1     Running   0          8s
rajith@k8s-master:~$ 
```

```yaml
rajith@k8s-master:~$ cat nginx-service.yaml
apiVersion: v1
kind: Service
metadata:
  labels:
    run: nginx
  name: nginx
spec:
  ports:
  - port: 80
    protocol: TCP
    targetPort: 80
    nodePort : 30007
  selector:
    run: nginx
  type: NodePort
rajith@k8s-master:~$
```
  
```yaml  
rajith@k8s-master:~$ kubectl create -f nginx-service.yaml 
service/nginx created
rajith@k8s-master:~$ kubectl get svc nginx -o wide
NAME    TYPE       CLUSTER-IP     EXTERNAL-IP   PORT(S)        AGE   SELECTOR
nginx   NodePort   10.97.55.163   <none>        80:30007/TCP   46s   run=nginx
rajith@k8s-master:~$ kubectl get pod -o wide 
NAME    READY   STATUS    RESTARTS   AGE     IP          NODE     NOMINATED NODE   READINESS GATES
nginx   1/1     Running   0          5m46s   10.40.0.2   node-1   <none>           <none>
rajith@k8s-master:~$ 
```

```yaml  
rajith@k8s-master:~$ kubectl get svc nginx -o wide
NAME    TYPE       CLUSTER-IP     EXTERNAL-IP   PORT(S)        AGE   SELECTOR
nginx   NodePort   10.97.55.163   <none>        80:30007/TCP   46s   run=nginx
rajith@k8s-master:~$ kubectl get pod --show-labels 
NAME    READY   STATUS    RESTARTS   AGE   LABELS
nginx   1/1     Running   0          17m   run=nginx
rajith@k8s-master:~$ 
```

```yaml
rajith@k8s-master:~$ hostname
k8s-master
rajith@k8s-master:~$ kubectl exec -it nginx -- bash 
root@nginx:/# hostname 
nginx
root@nginx:/# 
```



```yaml
root@nginx:/# uname -a 
Linux nginx 5.4.0-73-generic #82-Ubuntu SMP Wed Apr 14 17:39:42 UTC 2021 x86_64 GNU/Linux
root@nginx:/# cat /proc/version
Linux version 5.4.0-73-generic (buildd@lcy01-amd64-019) (gcc version 9.3.0 (Ubuntu 9.3.0-17ubuntu1~20.04)) #82-Ubuntu SMP Wed Apr 14 17:39:42 UTC 2021
root@nginx:/# ls -l 
total 80
drwxr-xr-x   2 root root 4096 Jun 21 00:00 bin
drwxr-xr-x   2 root root 4096 Jun 13 10:30 boot
drwxr-xr-x   5 root root  360 Jul  9 02:38 dev
drwxr-xr-x   1 root root 4096 Jul  6 19:39 docker-entrypoint.d
-rwxrwxr-x   1 root root 1202 Jul  6 19:39 docker-entrypoint.sh
drwxr-xr-x   1 root root 4096 Jul  9 02:38 etc
drwxr-xr-x   2 root root 4096 Jun 13 10:30 home
drwxr-xr-x   1 root root 4096 Jul  6 19:39 lib
drwxr-xr-x   2 root root 4096 Jun 21 00:00 lib64
drwxr-xr-x   2 root root 4096 Jun 21 00:00 media
drwxr-xr-x   2 root root 4096 Jun 21 00:00 mnt
drwxr-xr-x   2 root root 4096 Jun 21 00:00 opt
dr-xr-xr-x 208 root root    0 Jul  9 02:38 proc
drwx------   1 root root 4096 Jul  9 03:14 root
drwxr-xr-x   1 root root 4096 Jul  9 02:38 run
drwxr-xr-x   2 root root 4096 Jun 21 00:00 sbin
drwxr-xr-x   2 root root 4096 Jun 21 00:00 srv
dr-xr-xr-x  13 root root    0 Jul  9 02:38 sys
drwxrwxrwt   1 root root 4096 Jul  6 19:39 tmp
drwxr-xr-x   1 root root 4096 Jun 21 00:00 usr
drwxr-xr-x   1 root root 4096 Jun 21 00:00 var
root@nginx:/# 


```yaml
root@nginx:~# cd /usr/share/nginx/html/
root@nginx:/usr/share/nginx/html# ls -l 
total 8
-rw-r--r-- 1 root root 494 Jul  6 14:59 50x.html
-rw-r--r-- 1 root root 612 Jul  6 14:59 index.html
```


```html
root@nginx:/usr/share/nginx/html# cat index.html 
<!DOCTYPE html>
<html>
<head>
<title>Welcome to nginx!</title>
<style>
    body {
        width: 35em;
        margin: 0 auto;
        font-family: Tahoma, Verdana, Arial, sans-serif;
    }
</style>
</head>
<body>
<h1>Welcome to nginx!</h1>
<p>If you see this page, the nginx web server is successfully installed and
working. Further configuration is required.</p>

<p>For online documentation and support please refer to
<a href="http://nginx.org/">nginx.org</a>.<br/>
Commercial support is available at
<a href="http://nginx.com/">nginx.com</a>.</p>

<p><em>Thank you for using nginx.</em></p>
</body>
</html>
root@nginx:/usr/share/nginx/html# 
```

```yaml
root@nginx:/usr/share/nginx/html# vi index.html 
bash: vi: command not found
root@nginx:/usr/share/nginx/html# 
```

```markdown
root@nginx:/usr/share/nginx/html# cp index.html index.html.backup
root@nginx:/usr/share/nginx/html# sed -i 's/Welcome to nginx/Get a Shell to a Running Container/g' /usr/share/nginx/html/index.html
root@nginx:/usr/share/nginx/html# sed -i 's/the nginx web server is successfully installed and/Our test using 'sed' command is successfully completed./g' /usr/share/nginx/html/index.html
root@nginx:/usr/share/nginx/html# sed -i 's/working. Further configuration is required./******************************************************************************/g' /usr/share/nginx/html/index.html
```
```html
root@nginx:/usr/share/nginx/html# cat index.html
<!DOCTYPE html>
<html>
<head>
<title>Get a Shell to a Running Container!</title>
<style>
    body {
        width: 35em;
        margin: 0 auto;
        font-family: Tahoma, Verdana, Arial, sans-serif;
    }
</style>
</head>
<body>
<h1>Get a Shell to a Running Container!</h1>
<p>If you see this page, Our test using sed command is successfully completed.
******************************************************************************</p>

<p>For online documentation and support please refer to
<a href="http://nginx.org/">nginx.org</a>.<br/>
Commercial support is available at
<a href="http://nginx.com/">nginx.com</a>.</p>

<p><em>Thank you for using nginx.</em></p>
</body>
</html>
root@nginx:/usr/share/nginx/html# 
```


```html
root@nginx:/usr/share/nginx/html#  echo -e '<html>\n<html>\n\t<body>\n\t\t<h1>Testing file edit with echo</h1>\n\t</body>\n</html>' > /usr/share/nginx/html/index.html
root@nginx:/usr/share/nginx/html# cat /usr/share/nginx/html/index.html
<html>
<html>
	<body>
		<h1>Testing file edit with echo</h1>
	</body>
</html>
root@nginx:/usr/share/nginx/html# 
```

```markdown
root@nginx:/usr/share/nginx/html# apt-get update 
Get:1 http://security.debian.org/debian-security buster/updates InRelease [65.4 kB]
Get:2 http://security.debian.org/debian-security buster/updates/main amd64 Packages [293 kB]
Get:3 http://deb.debian.org/debian buster InRelease [122 kB]   
Get:4 http://deb.debian.org/debian buster-updates InRelease [51.9 kB]
Get:5 http://deb.debian.org/debian buster/main amd64 Packages [7907 kB]
Get:6 http://deb.debian.org/debian buster-updates/main amd64 Packages [15.2 kB]
Fetched 8454 kB in 3s (2688 kB/s)                         
Reading package lists... Done
```

```markdown
root@nginx:/usr/share/nginx/html# apt-get install vim 
Reading package lists... Done
Building dependency tree       
Reading state information... Done
The following additional packages will be installed:
  libgpm2 vim-common vim-runtime xxd
Suggested packages:
  gpm ctags vim-doc vim-scripts
The following NEW packages will be installed:
  libgpm2 vim vim-common vim-runtime xxd
0 upgraded, 5 newly installed, 0 to remove and 0 not upgraded.
Need to get 7425 kB of archives.
After this operation, 33.8 MB of additional disk space will be used.
Do you want to continue? [Y/n] y
Get:1 http://deb.debian.org/debian buster/main amd64 xxd amd64 2:8.1.0875-5 [140 kB]
Get:2 http://deb.debian.org/debian buster/main amd64 vim-common all 2:8.1.0875-5 [195 kB]
Get:3 http://deb.debian.org/debian buster/main amd64 libgpm2 amd64 1.20.7-5 [35.1 kB]
Get:4 http://deb.debian.org/debian buster/main amd64 vim-runtime all 2:8.1.0875-5 [5775 kB]
Get:5 http://deb.debian.org/debian buster/main amd64 vim amd64 2:8.1.0875-5 [1280 kB]
Fetched 7425 kB in 1s (6661 kB/s)
debconf: delaying package configuration, since apt-utils is not installed
Selecting previously unselected package xxd.
(Reading database ... 7638 files and directories currently installed.)
Preparing to unpack .../xxd_2%3a8.1.0875-5_amd64.deb ...
Unpacking xxd (2:8.1.0875-5) ...
Selecting previously unselected package vim-common.
Preparing to unpack .../vim-common_2%3a8.1.0875-5_all.deb ...
Unpacking vim-common (2:8.1.0875-5) ...
Selecting previously unselected package libgpm2:amd64.
Preparing to unpack .../libgpm2_1.20.7-5_amd64.deb ...
Unpacking libgpm2:amd64 (1.20.7-5) ...
Selecting previously unselected package vim-runtime.
Preparing to unpack .../vim-runtime_2%3a8.1.0875-5_all.deb ...
Adding 'diversion of /usr/share/vim/vim81/doc/help.txt to /usr/share/vim/vim81/doc/help.txt.vim-tiny by vim-runtime'
Adding 'diversion of /usr/share/vim/vim81/doc/tags to /usr/share/vim/vim81/doc/tags.vim-tiny by vim-runtime'
Unpacking vim-runtime (2:8.1.0875-5) ...
Selecting previously unselected package vim.
Preparing to unpack .../vim_2%3a8.1.0875-5_amd64.deb ...
Unpacking vim (2:8.1.0875-5) ...
Setting up libgpm2:amd64 (1.20.7-5) ...
Setting up xxd (2:8.1.0875-5) ...
Setting up vim-common (2:8.1.0875-5) ...
Setting up vim-runtime (2:8.1.0875-5) ...
Setting up vim (2:8.1.0875-5) ...
update-alternatives: using /usr/bin/vim.basic to provide /usr/bin/vim (vim) in auto mode
update-alternatives: using /usr/bin/vim.basic to provide /usr/bin/vimdiff (vimdiff) in auto mode
update-alternatives: using /usr/bin/vim.basic to provide /usr/bin/rvim (rvim) in auto mode
update-alternatives: using /usr/bin/vim.basic to provide /usr/bin/rview (rview) in auto mode
update-alternatives: using /usr/bin/vim.basic to provide /usr/bin/vi (vi) in auto mode
update-alternatives: warning: skip creation of /usr/share/man/da/man1/vi.1.gz because associated file /usr/share/man/da/man1/vim.1.gz (of link group vi) doesn't exist
update-alternatives: warning: skip creation of /usr/share/man/de/man1/vi.1.gz because associated file /usr/share/man/de/man1/vim.1.gz (of link group vi) doesn't exist
update-alternatives: warning: skip creation of /usr/share/man/fr/man1/vi.1.gz because associated file /usr/share/man/fr/man1/vim.1.gz (of link group vi) doesn't exist
update-alternatives: warning: skip creation of /usr/share/man/it/man1/vi.1.gz because associated file /usr/share/man/it/man1/vim.1.gz (of link group vi) doesn't exist
update-alternatives: warning: skip creation of /usr/share/man/ja/man1/vi.1.gz because associated file /usr/share/man/ja/man1/vim.1.gz (of link group vi) doesn't exist
update-alternatives: warning: skip creation of /usr/share/man/pl/man1/vi.1.gz because associated file /usr/share/man/pl/man1/vim.1.gz (of link group vi) doesn't exist
update-alternatives: warning: skip creation of /usr/share/man/ru/man1/vi.1.gz because associated file /usr/share/man/ru/man1/vim.1.gz (of link group vi) doesn't exist
update-alternatives: warning: skip creation of /usr/share/man/man1/vi.1.gz because associated file /usr/share/man/man1/vim.1.gz (of link group vi) doesn't exist
update-alternatives: using /usr/bin/vim.basic to provide /usr/bin/view (view) in auto mode
update-alternatives: warning: skip creation of /usr/share/man/da/man1/view.1.gz because associated file /usr/share/man/da/man1/vim.1.gz (of link group view) doesn't exist
update-alternatives: warning: skip creation of /usr/share/man/de/man1/view.1.gz because associated file /usr/share/man/de/man1/vim.1.gz (of link group view) doesn't exist
update-alternatives: warning: skip creation of /usr/share/man/fr/man1/view.1.gz because associated file /usr/share/man/fr/man1/vim.1.gz (of link group view) doesn't exist
update-alternatives: warning: skip creation of /usr/share/man/it/man1/view.1.gz because associated file /usr/share/man/it/man1/vim.1.gz (of link group view) doesn't exist
update-alternatives: warning: skip creation of /usr/share/man/ja/man1/view.1.gz because associated file /usr/share/man/ja/man1/vim.1.gz (of link group view) doesn't exist
update-alternatives: warning: skip creation of /usr/share/man/pl/man1/view.1.gz because associated file /usr/share/man/pl/man1/vim.1.gz (of link group view) doesn't exist
update-alternatives: warning: skip creation of /usr/share/man/ru/man1/view.1.gz because associated file /usr/share/man/ru/man1/vim.1.gz (of link group view) doesn't exist
update-alternatives: warning: skip creation of /usr/share/man/man1/view.1.gz because associated file /usr/share/man/man1/vim.1.gz (of link group view) doesn't exist
update-alternatives: using /usr/bin/vim.basic to provide /usr/bin/ex (ex) in auto mode
update-alternatives: warning: skip creation of /usr/share/man/da/man1/ex.1.gz because associated file /usr/share/man/da/man1/vim.1.gz (of link group ex) doesn't exist
update-alternatives: warning: skip creation of /usr/share/man/de/man1/ex.1.gz because associated file /usr/share/man/de/man1/vim.1.gz (of link group ex) doesn't exist
update-alternatives: warning: skip creation of /usr/share/man/fr/man1/ex.1.gz because associated file /usr/share/man/fr/man1/vim.1.gz (of link group ex) doesn't exist
update-alternatives: warning: skip creation of /usr/share/man/it/man1/ex.1.gz because associated file /usr/share/man/it/man1/vim.1.gz (of link group ex) doesn't exist
update-alternatives: warning: skip creation of /usr/share/man/ja/man1/ex.1.gz because associated file /usr/share/man/ja/man1/vim.1.gz (of link group ex) doesn't exist
update-alternatives: warning: skip creation of /usr/share/man/pl/man1/ex.1.gz because associated file /usr/share/man/pl/man1/vim.1.gz (of link group ex) doesn't exist
update-alternatives: warning: skip creation of /usr/share/man/ru/man1/ex.1.gz because associated file /usr/share/man/ru/man1/vim.1.gz (of link group ex) doesn't exist
update-alternatives: warning: skip creation of /usr/share/man/man1/ex.1.gz because associated file /usr/share/man/man1/vim.1.gz (of link group ex) doesn't exist
update-alternatives: using /usr/bin/vim.basic to provide /usr/bin/editor (editor) in auto mode
update-alternatives: warning: skip creation of /usr/share/man/da/man1/editor.1.gz because associated file /usr/share/man/da/man1/vim.1.gz (of link group editor) doesn't exist
update-alternatives: warning: skip creation of /usr/share/man/de/man1/editor.1.gz because associated file /usr/share/man/de/man1/vim.1.gz (of link group editor) doesn't exist
update-alternatives: warning: skip creation of /usr/share/man/fr/man1/editor.1.gz because associated file /usr/share/man/fr/man1/vim.1.gz (of link group editor) doesn't exist
update-alternatives: warning: skip creation of /usr/share/man/it/man1/editor.1.gz because associated file /usr/share/man/it/man1/vim.1.gz (of link group editor) doesn't exist
update-alternatives: warning: skip creation of /usr/share/man/ja/man1/editor.1.gz because associated file /usr/share/man/ja/man1/vim.1.gz (of link group editor) doesn't exist
update-alternatives: warning: skip creation of /usr/share/man/pl/man1/editor.1.gz because associated file /usr/share/man/pl/man1/vim.1.gz (of link group editor) doesn't exist
update-alternatives: warning: skip creation of /usr/share/man/ru/man1/editor.1.gz because associated file /usr/share/man/ru/man1/vim.1.gz (of link group editor) doesn't exist
update-alternatives: warning: skip creation of /usr/share/man/man1/editor.1.gz because associated file /usr/share/man/man1/vim.1.gz (of link group editor) doesn't exist
Processing triggers for libc-bin (2.28-10) ...
root@nginx:/usr/share/nginx/html#              
```

```html
root@nginx:/usr/share/nginx/html# vi index.html
root@nginx:/usr/share/nginx/html# cat index.html
<!DOCTYPE html>
<html>
<head>
<title>Welcome to nginx!</title>
<style>
    body {
        width: 35em;
        margin: 0 auto;
        font-family: Tahoma, Verdana, Arial, sans-serif;
    }
</style>
</head>
<body>
<h1>Welcome to nginx!</h1>
<p>If you see this page,The editing with the 'vi' editor is successfully completed.</p>

<p>For online documentation and support please refer to
<a href="http://nginx.org/">nginx.org</a>.<br/>
Commercial support is available at
<a href="http://nginx.com/">nginx.com</a>.</p>

<p><em>Thank you for using nginx.</em></p>
</body>
</html>
root@nginx:/usr/share/nginx/html# 
```


rajith@k8s-master:~$ kubectl run centos --image=centos --command sleep 5000
pod/centos created
rajith@k8s-master:~$ kubectl get pods
NAME     READY   STATUS              RESTARTS   AGE
centos   0/1     ContainerCreating   0          7s
nginx    1/1     Running             1          13h
rajith@k8s-master:~$ kubectl get pods
NAME     READY   STATUS              RESTARTS   AGE
centos   0/1     ContainerCreating   0          17s
nginx    1/1     Running             1          13h
rajith@k8s-master:~$ kubectl get pods
NAME     READY   STATUS              RESTARTS   AGE
centos   0/1     ContainerCreating   0          29s
nginx    1/1     Running             1          13h
rajith@k8s-master:~$ kubectl get pods
NAME     READY   STATUS    RESTARTS   AGE
centos   1/1     Running   0          44s
nginx    1/1     Running   1          13h
rajith@k8s-master:~$ kubectl exec -it centos -- bash 
[root@centos /]# ls -l 
total 48
lrwxrwxrwx   1 root root    7 Nov  3  2020 bin -> usr/bin
drwxr-xr-x   5 root root  360 Jul 10 02:53 dev
drwxr-xr-x   1 root root 4096 Jul 10 02:53 etc
drwxr-xr-x   2 root root 4096 Nov  3  2020 home
lrwxrwxrwx   1 root root    7 Nov  3  2020 lib -> usr/lib
lrwxrwxrwx   1 root root    9 Nov  3  2020 lib64 -> usr/lib64
drwx------   2 root root 4096 Dec  4  2020 lost+found
drwxr-xr-x   2 root root 4096 Nov  3  2020 media
drwxr-xr-x   2 root root 4096 Nov  3  2020 mnt
drwxr-xr-x   2 root root 4096 Nov  3  2020 opt
dr-xr-xr-x 214 root root    0 Jul 10 02:53 proc
dr-xr-x---   2 root root 4096 Dec  4  2020 root
drwxr-xr-x   1 root root 4096 Jul 10 02:53 run
lrwxrwxrwx   1 root root    8 Nov  3  2020 sbin -> usr/sbin
drwxr-xr-x   2 root root 4096 Nov  3  2020 srv
dr-xr-xr-x  13 root root    0 Jul 10 02:53 sys
drwxrwxrwt   7 root root 4096 Dec  4  2020 tmp
drwxr-xr-x  12 root root 4096 Dec  4  2020 usr
drwxr-xr-x  20 root root 4096 Dec  4  2020 var
[root@centos /]# ^C
[root@centos /]# exit
command terminated with exit code 130
rajith@k8s-master:~$ kubectl exec -it centos -- ps aux 
USER         PID %CPU %MEM    VSZ   RSS TTY      STAT START   TIME COMMAND
root           1  0.0  0.1  23020  1272 ?        Ss   02:53   0:00 /usr/bin/coreutils --coreutils-prog-shebang=sleep /usr/bin/sleep 5000
root          22  0.0  0.3  44628  3296 pts/0    Rs+  02:55   0:00 ps aux
rajith@k8s-master:~$ kubectl exec -it centos -- cat /etc/redhat-release 
CentOS Linux release 8.3.2011
rajith@k8s-master:~$ kubectl exec -it centos -- uptime 
 02:56:18 up 36 min,  0 users,  load average: 0.32, 0.20, 0.18
rajith@k8s-master:~$ kubectl exec -it centos -- uname -r 
5.4.0-73-generic
rajith@k8s-master:~$ 




rajith@k8s-master:~$ kubectl exec -it nginx -- rm  /usr/share/nginx/html/index.html



sed -i 's/Welcome to nginx/Get a Shell to a Running Container/g' /usr/share/nginx/html/index.html

sed -i 's/the nginx web server is successfully installed and/Our test using 'sed' command is successfully completed./g' /usr/share/nginx/html/index.html

sec -i 's/ working. Further configuration is required./                      ******************************************* /g' /usr/share/nginx/html/index.html

sed -r 's/^foo:&nbsp;//' file.txt








